AR rs232txd behavioral "D:/Project/Year 4 Project/HDL/tutorial/Lab-4/Txd/Txd.vhd" sub00/vhpl03 1607700083
AR txd behavioral "D:/Project/Year 4 Project/HDL/tutorial/Lab-4/Txd/Txd.vhd" sub00/vhpl01 1605952642
EN rs232txd NULL "D:/Project/Year 4 Project/HDL/tutorial/Lab-4/Txd/Txd.vhd" sub00/vhpl02 1607700082
EN txd NULL "D:/Project/Year 4 Project/HDL/tutorial/Lab-4/Txd/Txd.vhd" sub00/vhpl00 1605952641
